  MLB      예정  12경기
  KBO      예정   0경기
  NPB      예정   0경기
  K리그1     예정   6경기
[2026-07-27T10:02:01+00:00] 해외 배당 18건 기록
  MLB      예정  12경기
  KBO      예정   0경기
  NPB      예정   0경기
  K리그1     예정   6경기
[2026-07-27T10:17:14+00:00] 해외 배당 18건 기록
  MLB      예정  12경기
  KBO      예정   0경기
  NPB      예정   0경기
  K리그1     예정   6경기
[2026-07-27T10:32:28+00:00] 해외 배당 18건 기록
  MLB      예정  12경기
  KBO      예정   0경기
  NPB      예정   0경기
  K리그1     예정   6경기
[2026-07-27T10:47:43+00:00] 해외 배당 18건 기록
  [MLB] 오류 ConnectionError
  MLB      예정   0경기
  [KBO] 오류 ConnectionError
  KBO      예정   0경기
  [NPB] 오류 ConnectionError
  NPB      예정   0경기
  [K리그1] 오류 ConnectionError
  K리그1     예정   0경기
[2026-07-27T11:04:36+00:00] 해외 배당 0건 기록
  [MLB] 오류 ConnectionError
  MLB      예정   0경기
  [KBO] 오류 ConnectionError
  KBO      예정   0경기
  [NPB] 오류 ConnectionError
  NPB      예정   0경기
  [K리그1] 오류 ConnectionError
  K리그1     예정   0경기
[2026-07-27T12:54:48+00:00] 해외 배당 0건 기록
  [MLB] 오류 ConnectionError
  MLB      예정   0경기
  [KBO] 오류 ConnectionError
  KBO      예정   0경기
  [NPB] 오류 ConnectionError
  NPB      예정   0경기
  [K리그1] 오류 ConnectionError
  K리그1     예정   0경기
[2026-07-27T13:09:57+00:00] 해외 배당 0건 기록
  [MLB] 오류 ConnectionError
  MLB      예정   0경기
  [KBO] 오류 ConnectionError
  KBO      예정   0경기
  [NPB] 오류 ConnectionError
  NPB      예정   0경기
  [K리그1] 오류 ConnectionError
  K리그1     예정   0경기
[2026-07-27T13:25:07+00:00] 해외 배당 0건 기록
