발매 중인 회차 탐지 (2026년)...
  발매중: 2026-87회차 (미정산 201/624)
  발매중: 2026-88회차 (미정산 281/281)
  발매중: 2026-89회차 (미정산 400/400)
대상: 2026년 [87, 88, 89]회차
  [2026-88] 배당 미공개 281행 제외 (배당 있는 행 0)
  [2026-89] 배당 미공개 400행 제외 (배당 있는 행 0)
[2026-07-26T04:54:32+00:00] 스냅샷 624행 · 배당변동 0건
  [2026-88] 배당 미공개 281행 제외 (배당 있는 행 0)
  [2026-89] 배당 미공개 400행 제외 (배당 있는 행 0)
[2026-07-26T05:09:41+00:00] 스냅샷 624행 · 배당변동 0건
  [2026-87] 오류 ConnectionError: HTTPSConnectionPool(host='www.wisetoto.com', port=443): Max retries exceeded with url: /index.htm?tab_type=proto&game_type=pt&game_category=pt1&game_year=2026&game_round=87 (Caused by NewConnectionError('<urllib3.connection.HTTPSConnection object at 0x10a974410>: Failed to establish a new connection: [Errno 8] nodename nor servname provided, or not known'))
  [2026-88] 오류 ConnectionError: HTTPSConnectionPool(host='www.wisetoto.com', port=443): Max retries exceeded with url: /index.htm?tab_type=proto&game_type=pt&game_category=pt1&game_year=2026&game_round=88 (Caused by NewConnectionError('<urllib3.connection.HTTPSConnection object at 0x1093c1290>: Failed to establish a new connection: [Errno 8] nodename nor servname provided, or not known'))
  [2026-89] 오류 ConnectionError: HTTPSConnectionPool(host='www.wisetoto.com', port=443): Max retries exceeded with url: /index.htm?tab_type=proto&game_type=pt&game_category=pt1&game_year=2026&game_round=89 (Caused by NewConnectionError('<urllib3.connection.HTTPSConnection object at 0x1093c0b10>: Failed to establish a new connection: [Errno 8] nodename nor servname provided, or not known'))
[2026-07-26T06:02:25+00:00] 스냅샷 0행 · 배당변동 0건
  [2026-88] 배당 미공개 281행 제외 (배당 있는 행 0)
  [2026-89] 배당 미공개 400행 제외 (배당 있는 행 0)
[2026-07-26T06:20:26+00:00] 스냅샷 624행 · 배당변동 6건
    변동 87-8815 NPB 세이부/소프트뱅 승패: 1.99,1.58 → 2.07,1.53
    변동 87-8816 NPB 세이부/소프트뱅 승①패: 3.35,2.65,2.11 → 3.40,2.75,2.03
    변동 87-8817 NPB 세이부/소프트뱅 핸디캡: 1.25,2.97 → 1.32,2.64
    변동 87-8845 KBO KIA/키움 승①패: 1.70,3.70,3.45 → 1.63,3.80,3.65
    변동 87-8846 KBO KIA/키움 핸디캡: 2.04,1.55 → 1.96,1.60
    변동 87-8855 KBO 한화/LG 언더오버: 1.72,1.80 → 1.82,1.70
  [2026-88] 배당 미공개 281행 제외 (배당 있는 행 0)
  [2026-89] 배당 미공개 400행 제외 (배당 있는 행 0)
[2026-07-26T06:35:34+00:00] 스냅샷 624행 · 배당변동 2건
    변동 87-8811 여배네이 중국W/이탈리W 승패: 4.96,1.07 → 4.40,1.10
    변동 87-8813 여배네이 중국W/이탈리W 언더오버: 1.76,1.76 → 1.81,1.71
  [2026-88] 배당 미공개 281행 제외 (배당 있는 행 0)
  [2026-89] 배당 미공개 400행 제외 (배당 있는 행 0)
[2026-07-26T06:50:43+00:00] 스냅샷 624행 · 배당변동 0건
  [2026-88] 배당 미공개 281행 제외 (배당 있는 행 0)
  [2026-89] 배당 미공개 400행 제외 (배당 있는 행 0)
[2026-07-26T07:05:53+00:00] 스냅샷 624행 · 배당변동 0건
  [2026-87] 오류 ConnectionError: HTTPSConnectionPool(host='www.wisetoto.com', port=443): Max retries exceeded with url: /index.htm?tab_type=proto&game_type=pt&game_category=pt1&game_year=2026&game_round=87 (Caused by NewConnectionError('<urllib3.connection.HTTPSConnection object at 0x10a762790>: Failed to establish a new connection: [Errno 8] nodename nor servname provided, or not known'))
  [2026-88] 오류 ConnectionError: HTTPSConnectionPool(host='www.wisetoto.com', port=443): Max retries exceeded with url: /index.htm?tab_type=proto&game_type=pt&game_category=pt1&game_year=2026&game_round=88 (Caused by NewConnectionError('<urllib3.connection.HTTPSConnection object at 0x10a74d410>: Failed to establish a new connection: [Errno 8] nodename nor servname provided, or not known'))
  [2026-89] 오류 ConnectionError: HTTPSConnectionPool(host='www.wisetoto.com', port=443): Max retries exceeded with url: /index.htm?tab_type=proto&game_type=pt&game_category=pt1&game_year=2026&game_round=89 (Caused by NewConnectionError('<urllib3.connection.HTTPSConnection object at 0x10a087090>: Failed to establish a new connection: [Errno 8] nodename nor servname provided, or not known'))
[2026-07-26T12:16:04+00:00] 스냅샷 0행 · 배당변동 0건
  [2026-88] 배당 미공개 281행 제외 (배당 있는 행 0)
  [2026-89] 배당 미공개 400행 제외 (배당 있는 행 0)
[2026-07-26T14:59:05+00:00] 스냅샷 624행 · 배당변동 43건
    변동 87-8833 KBO 롯데 10/0 KT 승무패: 2.25,6.30,1.83 → 2.25,5.80,1.88
    변동 87-8836 KBO SSG 5/5 NC 승패: 2.60,1.33 → 1.00,1.00
    변동 87-8844 KBO KIA 3/8 키움 승패: 1.33,2.60 → 1.29,2.77
    변동 87-8845 KBO KIA 3/8 키움 승①패: 1.63,3.80,3.65 → 1.58,3.95,3.80
    변동 87-8847 KBO KIA/키움 언더오버: 1.82,1.70 → 1.89,1.65
    변동 87-8850 KBO KIA 1.5/7 키움 핸디캡: 1.80,1.72 → 1.75,1.77
    변동 87-8852 KBO 한화 14/4 LG 승패: 1.59,1.97 → 1.64,1.90
    변동 87-8853 KBO 한화 14/4 LG 승①패: 2.18,3.45,2.50 → 2.35,3.50,2.28
    변동 87-8855 KBO 한화/LG 언더오버: 1.82,1.70 → 1.89,1.65
    변동 87-8859 KBO 한화/LG 언더오버: 1.80,1.72 → 1.93,1.62
    변동 87-8870 K리그1 FC안양 2/1 강원FC 승무패: 3.55,2.95,1.89 → 3.60,2.85,1.92
    변동 87-8871 K리그1 FC안양 3/1 강원FC 핸디캡: 1.72,3.25,3.85 → 1.73,3.15,3.95
    변동 87-8873 K리그1 FC안양/강원FC 언더오버: 1.49,2.15 → 1.58,1.99
    변동 87-8877 K리그1 FC안양/강원FC 언더오버: 1.24,3.03 → 1.28,2.82
    변동 87-8878 K리그1 광주FC 1/2 제주SKFC 승무패: 3.60,2.90,1.90 → 3.85,2.95,1.82
  [2026-88] 배당 미공개 281행 제외 (배당 있는 행 0)
  [2026-89] 배당 미공개 400행 제외 (배당 있는 행 0)
[2026-07-26T20:58:25+00:00] 스냅샷 624행 · 배당변동 0건
  [2026-88] 배당 미공개 229행 제외 (배당 있는 행 52)
  [2026-89] 배당 미공개 400행 제외 (배당 있는 행 0)
[2026-07-26T23:47:17+00:00] 스냅샷 676행 · 배당변동 0건
  [2026-88] 배당 미공개 229행 제외 (배당 있는 행 52)
  [2026-89] 배당 미공개 400행 제외 (배당 있는 행 0)
[2026-07-27T01:40:26+00:00] 스냅샷 676행 · 배당변동 0건
  [2026-88] 배당 미공개 229행 제외 (배당 있는 행 52)
  [2026-89] 배당 미공개 400행 제외 (배당 있는 행 0)
[2026-07-27T01:55:35+00:00] 스냅샷 676행 · 배당변동 0건
  [2026-88] 배당 미공개 229행 제외 (배당 있는 행 52)
  [2026-89] 배당 미공개 400행 제외 (배당 있는 행 0)
[2026-07-27T02:10:44+00:00] 스냅샷 676행 · 배당변동 0건
  [2026-88] 배당 미공개 229행 제외 (배당 있는 행 52)
  [2026-89] 배당 미공개 400행 제외 (배당 있는 행 0)
[2026-07-27T02:25:53+00:00] 스냅샷 676행 · 배당변동 0건
  [2026-88] 배당 미공개 229행 제외 (배당 있는 행 52)
  [2026-89] 배당 미공개 400행 제외 (배당 있는 행 0)
[2026-07-27T02:41:02+00:00] 스냅샷 676행 · 배당변동 0건
  [2026-88] 배당 미공개 229행 제외 (배당 있는 행 52)
  [2026-89] 배당 미공개 400행 제외 (배당 있는 행 0)
[2026-07-27T02:56:11+00:00] 스냅샷 676행 · 배당변동 0건
  [2026-88] 배당 미공개 166행 제외 (배당 있는 행 115)
  [2026-89] 배당 미공개 400행 제외 (배당 있는 행 0)
[2026-07-27T03:11:20+00:00] 스냅샷 739행 · 배당변동 0건
  [2026-88] 배당 미공개 166행 제외 (배당 있는 행 115)
  [2026-89] 배당 미공개 400행 제외 (배당 있는 행 0)
[2026-07-27T03:26:29+00:00] 스냅샷 739행 · 배당변동 0건
  [2026-88] 배당 미공개 166행 제외 (배당 있는 행 115)
  [2026-89] 배당 미공개 400행 제외 (배당 있는 행 0)
[2026-07-27T03:41:37+00:00] 스냅샷 739행 · 배당변동 0건
  [2026-88] 배당 미공개 126행 제외 (배당 있는 행 155)
  [2026-89] 배당 미공개 400행 제외 (배당 있는 행 0)
[2026-07-27T03:56:46+00:00] 스냅샷 779행 · 배당변동 0건
  [2026-88] 배당 미공개 126행 제외 (배당 있는 행 155)
  [2026-89] 배당 미공개 400행 제외 (배당 있는 행 0)
[2026-07-27T04:11:55+00:00] 스냅샷 779행 · 배당변동 0건
  [2026-88] 배당 미공개 126행 제외 (배당 있는 행 155)
  [2026-89] 배당 미공개 400행 제외 (배당 있는 행 0)
[2026-07-27T04:27:04+00:00] 스냅샷 779행 · 배당변동 0건
  [2026-88] 배당 미공개 126행 제외 (배당 있는 행 155)
  [2026-89] 배당 미공개 400행 제외 (배당 있는 행 0)
[2026-07-27T04:42:14+00:00] 스냅샷 779행 · 배당변동 0건
  [2026-88] 배당 미공개 126행 제외 (배당 있는 행 155)
  [2026-89] 배당 미공개 400행 제외 (배당 있는 행 0)
[2026-07-27T04:57:22+00:00] 스냅샷 779행 · 배당변동 0건
  [2026-88] 배당 미공개 126행 제외 (배당 있는 행 155)
  [2026-89] 배당 미공개 400행 제외 (배당 있는 행 0)
[2026-07-27T05:12:31+00:00] 스냅샷 779행 · 배당변동 0건
  [2026-88] 배당 미공개 126행 제외 (배당 있는 행 155)
  [2026-89] 배당 미공개 400행 제외 (배당 있는 행 0)
[2026-07-27T05:27:40+00:00] 스냅샷 779행 · 배당변동 0건
  [2026-88] 배당 미공개 126행 제외 (배당 있는 행 155)
  [2026-89] 배당 미공개 400행 제외 (배당 있는 행 0)
[2026-07-27T05:42:49+00:00] 스냅샷 779행 · 배당변동 0건
  [2026-88] 배당 미공개 126행 제외 (배당 있는 행 155)
  [2026-89] 배당 미공개 400행 제외 (배당 있는 행 0)
[2026-07-27T05:57:58+00:00] 스냅샷 779행 · 배당변동 0건
  [2026-88] 배당 미공개 126행 제외 (배당 있는 행 155)
  [2026-89] 배당 미공개 400행 제외 (배당 있는 행 0)
[2026-07-27T06:13:07+00:00] 스냅샷 779행 · 배당변동 0건
  [2026-88] 배당 미공개 126행 제외 (배당 있는 행 155)
  [2026-89] 배당 미공개 400행 제외 (배당 있는 행 0)
[2026-07-27T06:28:15+00:00] 스냅샷 779행 · 배당변동 0건
  [2026-88] 배당 미공개 126행 제외 (배당 있는 행 155)
  [2026-89] 배당 미공개 400행 제외 (배당 있는 행 0)
[2026-07-27T06:43:25+00:00] 스냅샷 779행 · 배당변동 0건
  [2026-88] 배당 미공개 126행 제외 (배당 있는 행 155)
  [2026-89] 배당 미공개 400행 제외 (배당 있는 행 0)
[2026-07-27T06:58:34+00:00] 스냅샷 779행 · 배당변동 0건
  [2026-88] 배당 미공개 126행 제외 (배당 있는 행 155)
  [2026-89] 배당 미공개 400행 제외 (배당 있는 행 0)
[2026-07-27T07:13:43+00:00] 스냅샷 779행 · 배당변동 0건
  [2026-88] 배당 미공개 126행 제외 (배당 있는 행 155)
  [2026-89] 배당 미공개 400행 제외 (배당 있는 행 0)
[2026-07-27T07:28:52+00:00] 스냅샷 779행 · 배당변동 0건
  [2026-88] 배당 미공개 126행 제외 (배당 있는 행 155)
  [2026-89] 배당 미공개 400행 제외 (배당 있는 행 0)
[2026-07-27T08:29:33+00:00] 스냅샷 779행 · 배당변동 0건
  [2026-88] 배당 미공개 126행 제외 (배당 있는 행 155)
  [2026-89] 배당 미공개 400행 제외 (배당 있는 행 0)
[2026-07-27T08:44:42+00:00] 스냅샷 779행 · 배당변동 0건
  [2026-88] 배당 미공개 126행 제외 (배당 있는 행 155)
  [2026-89] 배당 미공개 400행 제외 (배당 있는 행 0)
[2026-07-27T08:59:51+00:00] 스냅샷 779행 · 배당변동 0건
  [2026-88] 배당 미공개 126행 제외 (배당 있는 행 155)
  [2026-89] 배당 미공개 400행 제외 (배당 있는 행 0)
[2026-07-27T09:15:00+00:00] 스냅샷 779행 · 배당변동 0건
  [2026-88] 배당 미공개 126행 제외 (배당 있는 행 155)
  [2026-89] 배당 미공개 400행 제외 (배당 있는 행 0)
[2026-07-27T09:30:09+00:00] 스냅샷 779행 · 배당변동 0건
  [2026-88] 배당 미공개 126행 제외 (배당 있는 행 155)
  [2026-89] 배당 미공개 400행 제외 (배당 있는 행 0)
[2026-07-27T09:45:18+00:00] 스냅샷 779행 · 배당변동 1건
    변동 88-9027 MLB 마이말린/필라필리 승①패: 3.40,3.30,1.81 → 3.45,3.45,1.76
  [2026-88] 배당 미공개 126행 제외 (배당 있는 행 155)
  [2026-89] 배당 미공개 400행 제외 (배당 있는 행 0)
[2026-07-27T10:00:27+00:00] 스냅샷 779행 · 배당변동 0건
  [2026-88] 배당 미공개 126행 제외 (배당 있는 행 155)
  [2026-89] 배당 미공개 400행 제외 (배당 있는 행 0)
[2026-07-27T10:15:36+00:00] 스냅샷 779행 · 배당변동 0건
  [2026-88] 배당 미공개 126행 제외 (배당 있는 행 155)
  [2026-89] 배당 미공개 400행 제외 (배당 있는 행 0)
[2026-07-27T10:30:45+00:00] 스냅샷 779행 · 배당변동 0건
  [2026-88] 배당 미공개 126행 제외 (배당 있는 행 155)
  [2026-89] 배당 미공개 400행 제외 (배당 있는 행 0)
[2026-07-27T10:45:55+00:00] 스냅샷 779행 · 배당변동 0건
  [2026-88] 배당 미공개 126행 제외 (배당 있는 행 155)
  [2026-89] 배당 미공개 400행 제외 (배당 있는 행 0)
[2026-07-27T11:01:04+00:00] 스냅샷 779행 · 배당변동 0건
  [2026-88] 배당 미공개 126행 제외 (배당 있는 행 155)
  [2026-89] 배당 미공개 400행 제외 (배당 있는 행 0)
[2026-07-27T12:52:56+00:00] 스냅샷 779행 · 배당변동 10건
    변동 88-9012 엘리테세 로센보르/프레드릭 승무패: 1.59,3.45,4.35 → 1.54,3.50,4.65
    변동 88-9013 엘리테세 로센보르/프레드릭 핸디캡: 2.75,3.30,2.07 → 2.60,3.20,2.21
    변동 88-9014 엘리테세 로센보르/프레드릭 언더오버: 1.87,1.66 → 1.94,1.61
    변동 88-9024 MLB 피츠파이/애리다이 언더오버: 1.78,1.74 → 1.84,1.69
    변동 88-9026 MLB 마이말린/필라필리 승패: 2.19,1.47 → 2.29,1.43
    변동 88-9028 MLB 마이말린/필라필리 핸디캡: 1.41,2.34 → 1.45,2.24
    변동 88-9037 MLB 워싱내셔/토론블루 승①패: 2.35,3.40,2.33 → 2.28,3.50,2.35
    변동 88-9046 MLB 신시레즈/클리가디 승패: 1.43,2.29 → 1.39,2.40
    변동 88-9047 MLB 신시레즈/클리가디 승①패: 1.92,3.40,3.00 → 1.87,3.50,3.05
    변동 88-9067 MLB 애슬레틱/보스레드 승①패: 3.45,3.50,1.74 → 3.45,3.75,1.69
  [2026-88] 배당 미공개 126행 제외 (배당 있는 행 155)
  [2026-89] 배당 미공개 400행 제외 (배당 있는 행 0)
[2026-07-27T13:08:05+00:00] 스냅샷 779행 · 배당변동 1건
    변동 88-9081 KBO LG/키움 핸디캡: 2.00,1.57 → 1.93,1.62
  [2026-88] 배당 미공개 126행 제외 (배당 있는 행 155)
  [2026-89] 배당 미공개 400행 제외 (배당 있는 행 0)
[2026-07-27T13:23:14+00:00] 스냅샷 779행 · 배당변동 18건
    변동 88-9012 엘리테세 로센보르/프레드릭 승무패: 1.54,3.50,4.65 → 1.47,3.95,4.65
    변동 88-9013 엘리테세 로센보르/프레드릭 핸디캡: 2.60,3.20,2.21 → 2.45,3.20,2.33
    변동 88-9024 MLB 피츠파이/애리다이 언더오버: 1.84,1.69 → 1.90,1.64
    변동 88-9038 MLB 워싱내셔/토론블루 핸디캡: 3.23,1.21 → 2.97,1.25
    변동 88-9079 KBO LG/키움 승패: 1.30,2.72 → 1.23,3.09
    변동 88-9080 KBO LG/키움 승①패: 1.68,3.60,3.60 → 1.53,3.90,4.20
    변동 88-9081 KBO LG/키움 핸디캡: 1.93,1.62 → 1.80,1.72
    변동 88-9082 KBO LG/키움 언더오버: 1.64,1.90 → 1.79,1.73
    변동 88-9084 KBO LG/키움 승무패: 1.53,6.60,2.90 → 1.40,7.60,3.30
    변동 88-9085 KBO LG/키움 핸디캡: 2.00,1.57 → 1.76,1.76
    변동 88-9086 KBO LG/키움 언더오버: 1.93,1.62 → 1.68,1.85
    변동 88-9090 KBO 삼성/KIA 언더오버: 1.68,1.85 → 1.81,1.71
    변동 88-9098 KBO SSG/두산 언더오버: 1.75,1.77 → 1.85,1.68
    변동 88-9111 KBO 한화/롯데 승패: 1.51,2.11 → 1.47,2.19
    변동 88-9112 KBO 한화/롯데 승①패: 2.03,3.40,2.75 → 1.97,3.50,2.80
